// Jest Snapshot v1, https://goo.gl/fbAQLP

exports[`Commands config test (folder with rcfile / as json no defaults) 1`] = `
{
  "code": 1,
  "stderr": "",
  "stdout": "Error: The provided arguments don't match any known syntax; use \`--help\` to get a list of possible options

› yarn config get
› yarn config get [--json] [--redacted] <NAME>
› yarn config set [--home,-H] [--json] <NAME> <VALUE>
› yarn config unset [--home,-H] <NAME>
",
}
`;

exports[`Commands config test (folder with rcfile / as json) 1`] = `
{
  "code": 1,
  "stderr": "",
  "stdout": "Error: The provided arguments don't match any known syntax; use \`--help\` to get a list of possible options

› yarn config get
› yarn config get [--json] [--redacted] <NAME>
› yarn config set [--home,-H] [--json] <NAME> <VALUE>
› yarn config unset [--home,-H] <NAME>
",
}
`;

exports[`Commands config test (folder with rcfile / no defaults) 1`] = `
{
  "code": 1,
  "stderr": "",
  "stdout": "Error: The provided arguments don't match any known syntax; use \`--help\` to get a list of possible options

› yarn config get
› yarn config get [--json] [--redacted] <NAME>
› yarn config set [--home,-H] [--json] <NAME> <VALUE>
› yarn config unset [--home,-H] <NAME>
",
}
`;

exports[`Commands config test (folder with rcfile / without flags) 1`] = `
{
  "code": 1,
  "stderr": "",
  "stdout": "Error: The provided arguments don't match any known syntax; use \`--help\` to get a list of possible options

› yarn config get
› yarn config get [--json] [--redacted] <NAME>
› yarn config set [--home,-H] [--json] <NAME> <VALUE>
› yarn config unset [--home,-H] <NAME>
",
}
`;

exports[`Commands config test (folder with rcfile and rc in ancestor parent / as json no defaults) 1`] = `
{
  "code": 1,
  "stderr": "",
  "stdout": "Error: The provided arguments don't match any known syntax; use \`--help\` to get a list of possible options

› yarn config get
› yarn config get [--json] [--redacted] <NAME>
› yarn config set [--home,-H] [--json] <NAME> <VALUE>
› yarn config unset [--home,-H] <NAME>
",
}
`;

exports[`Commands config test (folder with rcfile and rc in ancestor parent / as json) 1`] = `
{
  "code": 1,
  "stderr": "",
  "stdout": "Error: The provided arguments don't match any known syntax; use \`--help\` to get a list of possible options

› yarn config get
› yarn config get [--json] [--redacted] <NAME>
› yarn config set [--home,-H] [--json] <NAME> <VALUE>
› yarn config unset [--home,-H] <NAME>
",
}
`;

exports[`Commands config test (folder with rcfile and rc in ancestor parent / no defaults) 1`] = `
{
  "code": 1,
  "stderr": "",
  "stdout": "Error: The provided arguments don't match any known syntax; use \`--help\` to get a list of possible options

› yarn config get
› yarn config get [--json] [--redacted] <NAME>
› yarn config set [--home,-H] [--json] <NAME> <VALUE>
› yarn config unset [--home,-H] <NAME>
",
}
`;

exports[`Commands config test (folder with rcfile and rc in ancestor parent / without flags) 1`] = `
{
  "code": 1,
  "stderr": "",
  "stdout": "Error: The provided arguments don't match any known syntax; use \`--help\` to get a list of possible options

› yarn config get
› yarn config get [--json] [--redacted] <NAME>
› yarn config set [--home,-H] [--json] <NAME> <VALUE>
› yarn config unset [--home,-H] <NAME>
",
}
`;

exports[`Commands config test (folder with rcfile and rc in home folder / as json no defaults) 1`] = `
{
  "code": 1,
  "stderr": "",
  "stdout": "Error: The provided arguments don't match any known syntax; use \`--help\` to get a list of possible options

› yarn config get
› yarn config get [--json] [--redacted] <NAME>
› yarn config set [--home,-H] [--json] <NAME> <VALUE>
› yarn config unset [--home,-H] <NAME>
",
}
`;

exports[`Commands config test (folder with rcfile and rc in home folder / as json) 1`] = `
{
  "code": 1,
  "stderr": "",
  "stdout": "Error: The provided arguments don't match any known syntax; use \`--help\` to get a list of possible options

› yarn config get
› yarn config get [--json] [--redacted] <NAME>
› yarn config set [--home,-H] [--json] <NAME> <VALUE>
› yarn config unset [--home,-H] <NAME>
",
}
`;

exports[`Commands config test (folder with rcfile and rc in home folder / no defaults) 1`] = `
{
  "code": 1,
  "stderr": "",
  "stdout": "Error: The provided arguments don't match any known syntax; use \`--help\` to get a list of possible options

› yarn config get
› yarn config get [--json] [--redacted] <NAME>
› yarn config set [--home,-H] [--json] <NAME> <VALUE>
› yarn config unset [--home,-H] <NAME>
",
}
`;

exports[`Commands config test (folder with rcfile and rc in home folder / without flags) 1`] = `
{
  "code": 1,
  "stderr": "",
  "stdout": "Error: The provided arguments don't match any known syntax; use \`--help\` to get a list of possible options

› yarn config get
› yarn config get [--json] [--redacted] <NAME>
› yarn config set [--home,-H] [--json] <NAME> <VALUE>
› yarn config unset [--home,-H] <NAME>
",
}
`;

exports[`Commands config test (folder with rcfile and rc in parent / as json no defaults) 1`] = `
{
  "code": 1,
  "stderr": "",
  "stdout": "Error: The provided arguments don't match any known syntax; use \`--help\` to get a list of possible options

› yarn config get
› yarn config get [--json] [--redacted] <NAME>
› yarn config set [--home,-H] [--json] <NAME> <VALUE>
› yarn config unset [--home,-H] <NAME>
",
}
`;

exports[`Commands config test (folder with rcfile and rc in parent / as json) 1`] = `
{
  "code": 1,
  "stderr": "",
  "stdout": "Error: The provided arguments don't match any known syntax; use \`--help\` to get a list of possible options

› yarn config get
› yarn config get [--json] [--redacted] <NAME>
› yarn config set [--home,-H] [--json] <NAME> <VALUE>
› yarn config unset [--home,-H] <NAME>
",
}
`;

exports[`Commands config test (folder with rcfile and rc in parent / no defaults) 1`] = `
{
  "code": 1,
  "stderr": "",
  "stdout": "Error: The provided arguments don't match any known syntax; use \`--help\` to get a list of possible options

› yarn config get
› yarn config get [--json] [--redacted] <NAME>
› yarn config set [--home,-H] [--json] <NAME> <VALUE>
› yarn config unset [--home,-H] <NAME>
",
}
`;

exports[`Commands config test (folder with rcfile and rc in parent / without flags) 1`] = `
{
  "code": 1,
  "stderr": "",
  "stdout": "Error: The provided arguments don't match any known syntax; use \`--help\` to get a list of possible options

› yarn config get
› yarn config get [--json] [--redacted] <NAME>
› yarn config set [--home,-H] [--json] <NAME> <VALUE>
› yarn config unset [--home,-H] <NAME>
",
}
`;

exports[`Commands config test (folder with rcfile without trailing newline / as json no defaults) 1`] = `
{
  "code": 1,
  "stderr": "",
  "stdout": "Error: The provided arguments don't match any known syntax; use \`--help\` to get a list of possible options

› yarn config get
› yarn config get [--json] [--redacted] <NAME>
› yarn config set [--home,-H] [--json] <NAME> <VALUE>
› yarn config unset [--home,-H] <NAME>
",
}
`;

exports[`Commands config test (folder with rcfile without trailing newline / as json) 1`] = `
{
  "code": 1,
  "stderr": "",
  "stdout": "Error: The provided arguments don't match any known syntax; use \`--help\` to get a list of possible options

› yarn config get
› yarn config get [--json] [--redacted] <NAME>
› yarn config set [--home,-H] [--json] <NAME> <VALUE>
› yarn config unset [--home,-H] <NAME>
",
}
`;

exports[`Commands config test (folder with rcfile without trailing newline / no defaults) 1`] = `
{
  "code": 1,
  "stderr": "",
  "stdout": "Error: The provided arguments don't match any known syntax; use \`--help\` to get a list of possible options

› yarn config get
› yarn config get [--json] [--redacted] <NAME>
› yarn config set [--home,-H] [--json] <NAME> <VALUE>
› yarn config unset [--home,-H] <NAME>
",
}
`;

exports[`Commands config test (folder with rcfile without trailing newline / without flags) 1`] = `
{
  "code": 1,
  "stderr": "",
  "stdout": "Error: The provided arguments don't match any known syntax; use \`--help\` to get a list of possible options

› yarn config get
› yarn config get [--json] [--redacted] <NAME>
› yarn config set [--home,-H] [--json] <NAME> <VALUE>
› yarn config unset [--home,-H] <NAME>
",
}
`;

exports[`Commands config test (folder without rcfile in ancestry / as json no defaults) 1`] = `
{
  "code": 1,
  "stderr": "",
  "stdout": "Error: The provided arguments don't match any known syntax; use \`--help\` to get a list of possible options

› yarn config get
› yarn config get [--json] [--redacted] <NAME>
› yarn config set [--home,-H] [--json] <NAME> <VALUE>
› yarn config unset [--home,-H] <NAME>
",
}
`;

exports[`Commands config test (folder without rcfile in ancestry / as json) 1`] = `
{
  "code": 1,
  "stderr": "",
  "stdout": "Error: The provided arguments don't match any known syntax; use \`--help\` to get a list of possible options

› yarn config get
› yarn config get [--json] [--redacted] <NAME>
› yarn config set [--home,-H] [--json] <NAME> <VALUE>
› yarn config unset [--home,-H] <NAME>
",
}
`;

exports[`Commands config test (folder without rcfile in ancestry / no defaults) 1`] = `
{
  "code": 1,
  "stderr": "",
  "stdout": "Error: The provided arguments don't match any known syntax; use \`--help\` to get a list of possible options

› yarn config get
› yarn config get [--json] [--redacted] <NAME>
› yarn config set [--home,-H] [--json] <NAME> <VALUE>
› yarn config unset [--home,-H] <NAME>
",
}
`;

exports[`Commands config test (folder without rcfile in ancestry / without flags) 1`] = `
{
  "code": 1,
  "stderr": "",
  "stdout": "Error: The provided arguments don't match any known syntax; use \`--help\` to get a list of possible options

› yarn config get
› yarn config get [--json] [--redacted] <NAME>
› yarn config set [--home,-H] [--json] <NAME> <VALUE>
› yarn config unset [--home,-H] <NAME>
",
}
`;
